-- Using CATKIN_DEVEL_PREFIX: /work/.build/see3cam-demand/aarch64/devel
-- Using CMAKE_PREFIX_PATH: /opt/ros/noetic
-- This workspace overlays: /opt/ros/noetic
-- Found PythonInterp: /usr/bin/python3 (found suitable version "3.8.10", minimum required is "3")
-- Using PYTHON_EXECUTABLE: /usr/bin/python3
-- Using Debian Python package layout
-- Using empy: /usr/lib/python3/dist-packages/em.py
-- Using CATKIN_ENABLE_TESTING: ON
-- Call enable_testing()
-- Using CATKIN_TEST_RESULTS_DIR: /work/.build/see3cam-demand/aarch64/test_results
-- Forcing gtest/gmock from source, though one was otherwise available.
-- Found gtest sources under '/usr/src/googletest': gtests will be built
-- Found gmock sources under '/usr/src/googletest': gmock will be built
-- Found PythonInterp: /usr/bin/python3 (found version "3.8.10")
-- Using Python nosetests: /usr/bin/nosetests3
-- catkin 0.8.12
-- BUILD_SHARED_LIBS is on
-- Configuring done
-- Generating done
-- Build files have been written to: /work/.build/see3cam-demand/aarch64
Scanning dependencies of target see3cam_lifecycle_check
[ 66%] Building CXX object CMakeFiles/see3cam_lifecycle_check.dir/tests/check_camera_lifecycle.cpp.o
[ 66%] Building CXX object CMakeFiles/see3cam_lifecycle_check.dir/vendor/usb_cam/usb_cam.cpp.o
In file included from /work/modules/sensor/see3cam-24cug/vendor/usb_cam/usb_cam.cpp:56:
/work/modules/sensor/see3cam-24cug/vendor/usb_cam/include/usb_cam/usb_cam.h: In constructor ‘usb_cam::UsbCam::UsbCam()’:
/work/modules/sensor/see3cam-24cug/vendor/usb_cam/include/usb_cam/usb_cam.h:159:19: warning: ‘usb_cam::UsbCam::image_’ will be initialized after [-Wreorder]
  159 |   camera_image_t *image_;
      |                   ^~~~~~
/work/modules/sensor/see3cam-24cug/vendor/usb_cam/include/usb_cam/usb_cam.h:140:8: warning:   ‘bool usb_cam::UsbCam::is_capturing_’ [-Wreorder]
  140 |   bool is_capturing_;
      |        ^~~~~~~~~~~~~
/work/modules/sensor/see3cam-24cug/vendor/usb_cam/usb_cam.cpp:379:1: warning:   when initialized here [-Wreorder]
  379 | UsbCam::UsbCam()
      | ^~~~~~
/work/modules/sensor/see3cam-24cug/vendor/usb_cam/usb_cam.cpp: In member function ‘void usb_cam::UsbCam::mjpeg2rgb(char*, int, char*, int)’:
/work/modules/sensor/see3cam-24cug/vendor/usb_cam/usb_cam.cpp:488:7: warning: unused variable ‘got_picture’ [-Wunused-variable]
  488 |   int got_picture;
      |       ^~~~~~~~~~~
/work/modules/sensor/see3cam-24cug/vendor/usb_cam/usb_cam.cpp:486:61: warning: unused parameter ‘NumPixels’ [-Wunused-parameter]
  486 | void UsbCam::mjpeg2rgb(char *MJPEG, int len, char *RGB, int NumPixels)
      |                                                         ~~~~^~~~~~~~~
/work/modules/sensor/see3cam-24cug/vendor/usb_cam/usb_cam.cpp: In member function ‘int usb_cam::UsbCam::read_frame()’:
/work/modules/sensor/see3cam-24cug/vendor/usb_cam/usb_cam.cpp:607:10: warning: enumeration value ‘IO_METHOD_UNKNOWN’ not handled in switch [-Wswitch]
  607 |   switch (io_)
      |          ^
/work/modules/sensor/see3cam-24cug/vendor/usb_cam/usb_cam.cpp: In member function ‘void usb_cam::UsbCam::stop_capturing()’:
/work/modules/sensor/see3cam-24cug/vendor/usb_cam/usb_cam.cpp:726:10: warning: enumeration value ‘IO_METHOD_UNKNOWN’ not handled in switch [-Wswitch]
  726 |   switch (io_)
      |          ^
/work/modules/sensor/see3cam-24cug/vendor/usb_cam/usb_cam.cpp: In member function ‘void usb_cam::UsbCam::start_capturing()’:
/work/modules/sensor/see3cam-24cug/vendor/usb_cam/usb_cam.cpp:751:10: warning: enumeration value ‘IO_METHOD_UNKNOWN’ not handled in switch [-Wswitch]
  751 |   switch (io_)
      |          ^
/work/modules/sensor/see3cam-24cug/vendor/usb_cam/usb_cam.cpp: In member function ‘void usb_cam::UsbCam::uninit_device()’:
/work/modules/sensor/see3cam-24cug/vendor/usb_cam/usb_cam.cpp:811:10: warning: enumeration value ‘IO_METHOD_UNKNOWN’ not handled in switch [-Wswitch]
  811 |   switch (io_)
      |          ^
/work/modules/sensor/see3cam-24cug/vendor/usb_cam/usb_cam.cpp: In member function ‘void usb_cam::UsbCam::init_device(int, int, int)’:
/work/modules/sensor/see3cam-24cug/vendor/usb_cam/usb_cam.cpp:990:10: warning: enumeration value ‘IO_METHOD_UNKNOWN’ not handled in switch [-Wswitch]
  990 |   switch (io_)
      |          ^
/work/modules/sensor/see3cam-24cug/vendor/usb_cam/usb_cam.cpp:1063:27: warning: comparison of integer expressions of different signedness: ‘__u32’ {aka ‘unsigned int’} and ‘int’ [-Wsign-compare]
 1063 |         fmt.fmt.pix.width == image_width &&
      |         ~~~~~~~~~~~~~~~~~~^~~~~~~~~~~~~~
/work/modules/sensor/see3cam-24cug/vendor/usb_cam/usb_cam.cpp:1064:28: warning: comparison of integer expressions of different signedness: ‘__u32’ {aka ‘unsigned int’} and ‘int’ [-Wsign-compare]
 1064 |         fmt.fmt.pix.height == image_height)
      |         ~~~~~~~~~~~~~~~~~~~^~~~~~~~~~~~~~~
/work/modules/sensor/see3cam-24cug/vendor/usb_cam/usb_cam.cpp:1107:10: warning: enumeration value ‘IO_METHOD_UNKNOWN’ not handled in switch [-Wswitch]
 1107 |   switch (io_)
      |          ^
[100%] Linking CXX executable see3cam_lifecycle_check
[100%] Built target see3cam_lifecycle_check
Lifecycle cleanup passed
Lifecycle cleanup passed
