>> See3CAM calibration: /work/modules/sensor/see3cam-24cug/calibration/1A3958060A020900.yaml
>> See3CAM /dev/v4l/by-id/usb-e-con_systems_See3CAM_24CUG_1A3958060A020900-video-index0 1280x720@60 uyvy exposure=150 gain=1
[0m[INFO] [1789833437.697961959]: camera calibration URL: file:///work/modules/sensor/see3cam-24cug/calibration/1A3958060A020900.yaml[0m
[0m[INFO] [1789833437.699436277]: See3CAM ready: 1280x720@60 uyvy; capture starts when an image subscriber connects[0m
[0m[INFO] [1789833440.524372834]: Image subscriber connected: camera opened[0m
[0m[INFO] [1789833440.662900377]: No image subscribers: camera capture paused[0m
[0m[INFO] [1789833442.596875530]: Image subscriber connected: camera capture resumed[0m
[0m[INFO] [1789833442.741828989]: No image subscribers: camera capture paused[0m
[0m[INFO] [1789833444.692534827]: Image subscriber connected: camera capture resumed[0m
[0m[INFO] [1789833444.875951784]: No image subscribers: camera capture paused[0m
[0m[INFO] [1789833446.826667893]: Image subscriber connected: camera capture resumed[0m
[0m[INFO] [1789833446.989868180]: No image subscribers: camera capture paused[0m
[0m[INFO] [1789833448.940704099]: Image subscriber connected: camera capture resumed[0m
[0m[INFO] [1789833449.088895285]: No image subscribers: camera capture paused[0m
[0m[INFO] [1789833451.039559681]: Image subscriber connected: camera capture resumed[0m
[33m[WARN] [1789833452.447309403]: No fresh camera frame; polling without publishing stale images[0m
[33m[WARN] [1789833454.450896089]: No fresh camera frame; polling without publishing stale images[0m
[33m[WARN] [1789833456.455095421]: No fresh camera frame; polling without publishing stale images[0m
[33m[WARN] [1789833456.455302207]: Camera stalled: restarting V4L2 stream (attempt 1/3)[0m
[33m[WARN] [1789833458.530562462]: No fresh camera frame; polling without publishing stale images[0m
[33m[WARN] [1789833460.534313597]: No fresh camera frame; polling without publishing stale images[0m
[33m[WARN] [1789833461.536198413]: Camera stalled: restarting V4L2 stream (attempt 2/3)[0m
[33m[WARN] [1789833462.609910784]: No fresh camera frame; polling without publishing stale images[0m
[33m[WARN] [1789833464.613681791]: No fresh camera frame; polling without publishing stale images[0m
[33m[WARN] [1789833466.617162171]: No fresh camera frame; polling without publishing stale images[0m
[33m[WARN] [1789833466.617378109]: Camera stalled: restarting V4L2 stream (attempt 3/3)[0m
[33m[WARN] [1789833468.692375866]: No fresh camera frame; polling without publishing stale images[0m
[33m[WARN] [1789833470.696700669]: No fresh camera frame; polling without publishing stale images[0m
[33m[WARN] [1789833472.701591142]: No fresh camera frame; polling without publishing stale images[0m
[33m[WARN] [1789833474.707347223]: No fresh camera frame; polling without publishing stale images[0m
[33m[WARN] [1789833476.712212383]: No fresh camera frame; polling without publishing stale images[0m
[33m[WARN] [1789833478.716579171]: No fresh camera frame; polling without publishing stale images[0m
[33m[WARN] [1789833480.720583267]: No fresh camera frame; polling without publishing stale images[0m
[33m[WARN] [1789833482.724341728]: No fresh camera frame; polling without publishing stale images[0m
[33m[WARN] [1789833484.729690573]: No fresh camera frame; polling without publishing stale images[0m
[0m[INFO] [1789833486.204589884]: No image subscribers: camera capture paused[0m
