... logging to /home/ml/drone-stack-docker/stack-assets/aruco-landing-jetson/results/trial-preparation-20260919/roslog/cab358b0-b43f-11f1-bb4b-a760e04399b3/roslaunch-ml-2295530.log
Checking log directory for disk usage. This may take a while.
Press Ctrl-C to interrupt
Done checking log file disk usage. Usage is <1GB.
]2;roscore
[1mstarted roslaunch server http://127.0.0.1:36785/[0m
ros_comm version 1.16.0


SUMMARY
========

PARAMETERS
 * /rosdistro: noetic
 * /rosversion: 1.16.0

NODES

auto-starting new master
[1mprocess[master]: started with pid [2295578][0m
[1mROS_MASTER_URI=http://127.0.0.1:11357/[0m
]2;roscore http://127.0.0.1:11357/
[1msetting /run_id to cab358b0-b43f-11f1-bb4b-a760e04399b3[0m
[1mprocess[rosout-1]: started with pid [2295620][0m
started core service [/rosout]
[rosout-1] killing on exit
[master] killing on exit
shutting down processing monitor...
... shutting down processing monitor complete
[1mdone[0m
