Exception in thread Thread-11:
Traceback (most recent call last):
  File "/usr/lib/python3.8/threading.py", line 932, in _bootstrap_inner
    self.run()
  File "/usr/lib/python3.8/threading.py", line 870, in run
    self._target(*self._args, **self._kwargs)
  File "/work/ws/aruco-landing/src/aruco_landing/scripts/physical_pad_estimator.py", line 248, in display_loop
    self.publish_display(*data)
  File "/work/ws/aruco-landing/src/aruco_landing/scripts/physical_pad_estimator.py", line 275, in publish_display
    self.jpeg_pub.publish(out)
  File "/opt/ros/noetic/lib/python3/dist-packages/rospy/topics.py", line 882, in publish
    self.impl.publish(data)
  File "/opt/ros/noetic/lib/python3/dist-packages/rospy/topics.py", line 1041, in publish
    raise ROSException("publish() to a closed topic")
rospy.exceptions.ROSException: publish() to a closed topic
[INFO] [1789837605.219411]: physical pad estimator: fixed measured mount, session-only alignment, inference 60.0 Hz, display 10.0 Hz
... logging to /root/.ros/log/72acf330-b44c-11f1-a0c7-dc9009e58a85/roslaunch-ubuntu-1737.log
Checking log directory for disk usage. This may take a while.
Press Ctrl-C to interrupt
Done checking log file disk usage. Usage is <1GB.
]2;/work/ws/aruco-landing/src/aruco_landing/launch/physical_pad_estimator.launch
[1mstarted roslaunch server http://127.0.0.1:42785/[0m

SUMMARY
========

PARAMETERS
 * /physical_pad_estimator/body_camera_calibration: /work/stack-asset...
 * /physical_pad_estimator/camera_info_topic: /landing/camera/c...
 * /physical_pad_estimator/detected_image_rate_hz: 10
 * /physical_pad_estimator/estimate_rate_hz: 60
 * /physical_pad_estimator/image_topic: /landing/camera/i...
 * /physical_pad_estimator/mocap_topic: /vrpn_client_node...
 * /physical_pad_estimator/pad_configuration: /work/stack-asset...
 * /physical_pad_estimator/time_alignment: /work/stack-asset...
 * /rosdistro: noetic
 * /rosversion: 1.17.4

NODES
  /
    physical_pad_estimator (aruco_landing/physical_pad_estimator.py)

[1mROS_MASTER_URI=http://127.0.0.1:11359[0m
]2;/work/ws/aruco-landing/src/aruco_landing/launch/physical_pad_estimator.launch http://127.0.0.1:11359
[1mprocess[physical_pad_estimator-1]: started with pid [1795][0m
[physical_pad_estimator-1] killing on exit
shutting down processing monitor...
... shutting down processing monitor complete
[1mdone[0m
