[INFO] [1789835579.742413]: physical pad estimator: fixed measured mount, session-only alignment, inference 60.0 Hz, display 10.0 Hz
... logging to /root/.ros/log/b502e672-b447-11f1-97c1-dc9009e58a85/roslaunch-ubuntu-455.log
Checking log directory for disk usage. This may take a while.
Press Ctrl-C to interrupt
Done checking log file disk usage. Usage is <1GB.
]2;/work/ws/aruco-landing/src/aruco_landing/launch/physical_pad_estimator.launch
[1mstarted roslaunch server http://127.0.0.1:44315/[0m

SUMMARY
========

PARAMETERS
 * /physical_pad_estimator/body_camera_calibration: /work/stack-asset...
 * /physical_pad_estimator/camera_info_topic: /landing/camera/c...
 * /physical_pad_estimator/detected_image_rate_hz: 10
 * /physical_pad_estimator/estimate_rate_hz: 60
 * /physical_pad_estimator/image_topic: /landing/camera/i...
 * /physical_pad_estimator/mocap_topic: /vrpn_client_node...
 * /physical_pad_estimator/pad_configuration: /work/stack-asset...
 * /physical_pad_estimator/time_alignment: /work/stack-asset...
 * /rosdistro: noetic
 * /rosversion: 1.17.4

NODES
  /
    physical_pad_estimator (aruco_landing/physical_pad_estimator.py)

[1mROS_MASTER_URI=http://127.0.0.1:11359[0m
]2;/work/ws/aruco-landing/src/aruco_landing/launch/physical_pad_estimator.launch http://127.0.0.1:11359
[1mprocess[physical_pad_estimator-1]: started with pid [525][0m
[physical_pad_estimator-1] killing on exit
shutting down processing monitor...
... shutting down processing monitor complete
[1mdone[0m
